2026-06-30 18:25:40.097 22723-22723 MeasurementViewModel    com.codewithfk.arlearner             D  connectionState=READY, deviceState=WAITING_FOR_START, canStart=true, canTare=true
2026-06-30 18:25:40.635 22723-22723 MeasurementViewModel    com.codewithfk.arlearner             D  connectionState=READY, deviceState=WAITING_FOR_START, canStart=true, canTare=true
2026-06-30 18:25:41.131 22723-22723 MeasurementViewModel    com.codewithfk.arlearner             D  connectionState=READY, deviceState=WAITING_FOR_START, canStart=true, canTare=true
2026-06-30 18:25:41.761 22723-22723 MeasurementViewModel    com.codewithfk.arlearner             D  connectionState=READY, deviceState=WAITING_FOR_START, canStart=true, canTare=true
2026-06-30 18:25:42.346 22723-22723 MeasurementViewModel    com.codewithfk.arlearner             D  connectionState=READY, deviceState=WAITING_FOR_START, canStart=true, canTare=true
2026-06-30 18:25:42.887 22723-22723 MeasurementViewModel    com.codewithfk.arlearner             D  connectionState=READY, deviceState=WAITING_FOR_START, canStart=true, canTare=true
2026-06-30 18:25:43.562 22723-22723 MeasurementViewModel    com.codewithfk.arlearner             D  connectionState=READY, deviceState=WAITING_FOR_START, canStart=true, canTare=true
2026-06-30 18:25:44.236 22723-22723 MeasurementViewModel    com.codewithfk.arlearner             D  connectionState=READY, deviceState=WAITING_FOR_START, canStart=true, canTare=true
2026-06-30 18:25:44.552 22723-22723 MeasurementViewModel    com.codewithfk.arlearner             D  connectionState=READY, deviceState=WAITING_FOR_START, canStart=true, canTare=true
2026-06-30 18:25:45.136 22723-22723 MeasurementViewModel    com.codewithfk.arlearner             D  connectionState=READY, deviceState=WAITING_FOR_START, canStart=true, canTare=true
2026-06-30 18:25:45.278 22723-22731 InputTransport          com.codewithfk.arlearner             D  Input channel destroyed: 'ClientS', fd=146
2026-06-30 18:25:45.285 22723-22732 System                  com.codewithfk.arlearner             W  A resource failed to call release. 
2026-06-30 18:25:45.632 22723-22723 MeasurementViewModel    com.codewithfk.arlearner             D  connectionState=READY, deviceState=WAITING_FOR_START, canStart=true, canTare=true
2026-06-30 18:25:46.082 22723-22723 MeasurementViewModel    com.codewithfk.arlearner             D  connectionState=READY, deviceState=WAITING_FOR_START, canStart=true, canTare=true
2026-06-30 18:25:46.663 22723-22723 MeasurementViewModel    com.codewithfk.arlearner             D  connectionState=READY, deviceState=WAITING_FOR_START, canStart=true, canTare=true
2026-06-30 18:25:47.205 22723-22723 MeasurementViewModel    com.codewithfk.arlearner             D  connectionState=READY, deviceState=WAITING_FOR_START, canStart=true, canTare=true
2026-06-30 18:25:47.789 22723-22723 MeasurementViewModel    com.codewithfk.arlearner             D  connectionState=READY, deviceState=WAITING_FOR_START, canStart=true, canTare=true
2026-06-30 18:25:48.197 22723-22723 MeasurementViewModel    com.codewithfk.arlearner             D  connectionState=READY, deviceState=WAITING_FOR_START, canStart=true, canTare=true
2026-06-30 18:25:48.691 22723-22723 MeasurementViewModel    com.codewithfk.arlearner             D  connectionState=READY, deviceState=WAITING_FOR_START, canStart=true, canTare=true
2026-06-30 18:25:49.277 22723-22723 MeasurementViewModel    com.codewithfk.arlearner             D  connectionState=READY, deviceState=WAITING_FOR_START, canStart=true, canTare=true
2026-06-30 18:25:49.816 22723-22723 MeasurementViewModel    com.codewithfk.arlearner             D  connectionState=READY, deviceState=WAITING_FOR_START, canStart=true, canTare=true
2026-06-30 18:25:50.311 22723-22723 MeasurementViewModel    com.codewithfk.arlearner             D  connectionState=READY, deviceState=WAITING_FOR_START, canStart=true, canTare=true
2026-06-30 18:25:50.806 22723-22723 MeasurementViewModel    com.codewithfk.arlearner             D  connectionState=READY, deviceState=WAITING_FOR_START, canStart=true, canTare=true
2026-06-30 18:25:51.436 22723-22723 MeasurementViewModel    com.codewithfk.arlearner             D  connectionState=READY, deviceState=WAITING_FOR_START, canStart=true, canTare=true
2026-06-30 18:25:51.886 22723-22723 MeasurementViewModel    com.codewithfk.arlearner             D  connectionState=READY, deviceState=WAITING_FOR_START, canStart=true, canTare=true
2026-06-30 18:25:52.426 22723-22723 MeasurementViewModel    com.codewithfk.arlearner             D  connectionState=READY, deviceState=WAITING_FOR_START, canStart=true, canTare=true
2026-06-30 18:25:52.965 22723-22723 MeasurementViewModel    com.codewithfk.arlearner             D  connectionState=READY, deviceState=WAITING_FOR_START, canStart=true, canTare=true
2026-06-30 18:25:53.506 22723-22723 MeasurementViewModel    com.codewithfk.arlearner             D  connectionState=READY, deviceState=WAITING_FOR_START, canStart=true, canTare=true
2026-06-30 18:25:54.000 22723-22723 MeasurementViewModel    com.codewithfk.arlearner             D  connectionState=READY, deviceState=WAITING_FOR_START, canStart=true, canTare=true
2026-06-30 18:25:54.585 22723-22723 MeasurementViewModel    com.codewithfk.arlearner             D  connectionState=READY, deviceState=WAITING_FOR_START, canStart=true, canTare=true
2026-06-30 18:25:55.035 22723-22723 MeasurementViewModel    com.codewithfk.arlearner             D  connectionState=READY, deviceState=WAITING_FOR_START, canStart=true, canTare=true
2026-06-30 18:25:55.664 22723-22723 MeasurementViewModel    com.codewithfk.arlearner             D  connectionState=READY, deviceState=WAITING_FOR_START, canStart=true, canTare=true
2026-06-30 18:25:56.071 22723-22723 MeasurementViewModel    com.codewithfk.arlearner             D  connectionState=READY, deviceState=WAITING_FOR_START, canStart=true, canTare=true
2026-06-30 18:25:56.656 22723-22723 MeasurementViewModel    com.codewithfk.arlearner             D  connectionState=READY, deviceState=WAITING_FOR_START, canStart=true, canTare=true
2026-06-30 18:25:57.151 22723-22723 MeasurementViewModel    com.codewithfk.arlearner             D  connectionState=READY, deviceState=WAITING_FOR_START, canStart=true, canTare=true
2026-06-30 18:25:57.645 22723-22723 MeasurementViewModel    com.codewithfk.arlearner             D  connectionState=READY, deviceState=WAITING_FOR_START, canStart=true, canTare=true
2026-06-30 18:25:58.232 22723-22723 MeasurementViewModel    com.codewithfk.arlearner             D  connectionState=READY, deviceState=WAITING_FOR_START, canStart=true, canTare=true
2026-06-30 18:25:58.359 22723-22723 ViewRootIm...nActivity] com.codewithfk.arlearner             I  ViewPostIme pointer 0
2026-06-30 18:25:58.722 22723-22723 MeasurementViewModel    com.codewithfk.arlearner             D  connectionState=READY, deviceState=WAITING_FOR_START, canStart=true, canTare=true
2026-06-30 18:25:58.760 22723-22723 ViewRootIm...nActivity] com.codewithfk.arlearner             I  ViewPostIme pointer 1
2026-06-30 18:26:03.852 22723-23579 BluetoothGatt           com.codewithfk.arlearner             D  onClientConnectionState() - status=8 clientIf=5 device=XX:XX:XX:XX:61:7D
2026-06-30 18:26:03.852 22723-22723 MeasurementViewModel    com.codewithfk.arlearner             D  connectionState=READY, deviceState=WAITING_FOR_START, canStart=true, canTare=true
2026-06-30 18:26:03.854 22723-23579 ContentValues           com.codewithfk.arlearner             D  onConnectionStateChange status=8 newState=0 bondState=12
2026-06-30 18:26:03.855 22723-23579 BluetoothGatt           com.codewithfk.arlearner             D  cancelOpen() - device: XX:XX:XX:XX:61:7D
2026-06-30 18:26:03.858 22723-23579 BluetoothGatt           com.codewithfk.arlearner             D  close()
2026-06-30 18:26:03.861 22723-23579 BluetoothGatt           com.codewithfk.arlearner             D  unregisterApp() - mClientIf=5
2026-06-30 18:26:03.913 22723-22723 MeasurementViewModel    com.codewithfk.arlearner             D  connectionState=READY, deviceState=WAITING_FOR_START, canStart=true, canTare=true
2026-06-30 18:26:03.914 22723-22723 MeasurementViewModel    com.codewithfk.arlearner             D  connectionState=ERROR, deviceState=WAITING_FOR_START, canStart=false, canTare=false
2026-06-30 18:26:03.915 22723-22723 MeasurementViewModel    com.codewithfk.arlearner             D  connectionState=ERROR, deviceState=WAITING_FOR_START, canStart=false, canTare=false
2026-06-30 18:26:04.674 22723-22723 ViewRootIm...nActivity] com.codewithfk.arlearner             I  ViewPostIme pointer 0
2026-06-30 18:26:05.096 22723-22723 ViewRootIm...nActivity] com.codewithfk.arlearner             I  ViewPostIme pointer 1
2026-06-30 18:26:05.457 22723-22723 ViewRootIm...nActivity] com.codewithfk.arlearner             I  ViewPostIme pointer 0
2026-06-30 18:26:05.596 22723-22723 ViewRootIm...nActivity] com.codewithfk.arlearner             I  ViewPostIme pointer 1
2026-06-30 18:26:05.957 22723-22723 ViewRootIm...nActivity] com.codewithfk.arlearner             I  ViewPostIme pointer 0
2026-06-30 18:26:06.096 22723-22723 ViewRootIm...nActivity] com.codewithfk.arlearner             I  ViewPostIme pointer 1
2026-06-30 18:26:06.440 22723-22723 ViewRootIm...nActivity] com.codewithfk.arlearner             I  ViewPostIme pointer 0
2026-06-30 18:26:06.560 22723-22723 ViewRootIm...nActivity] com.codewithfk.arlearner             I  ViewPostIme pointer 1
2026-06-30 18:26:07.091 22723-22723 ViewRootIm...nActivity] com.codewithfk.arlearner             I  ViewPostIme pointer 0
2026-06-30 18:26:07.208 22723-22723 ViewRootIm...nActivity] com.codewithfk.arlearner             I  ViewPostIme pointer 1
2026-06-30 18:26:08.241 22723-22723 ViewRootIm...nActivity] com.codewithfk.arlearner             I  ViewPostIme pointer 0
2026-06-30 18:26:08.294 22723-22723 ViewRootIm...nActivity] com.codewithfk.arlearner             I  ViewPostIme pointer 1
2026-06-30 18:26:08.297 22723-22723 MeasurementViewModel    com.codewithfk.arlearner             D  connectionState=ERROR, deviceState=WAITING_FOR_START, canStart=false, canTare=false
2026-06-30 18:26:08.297 22723-22723 MeasurementViewModel    com.codewithfk.arlearner             D  connectionState=ERROR, deviceState=UNKNOWN, canStart=false, canTare=false
2026-06-30 18:26:08.298 22723-22723 MeasurementViewModel    com.codewithfk.arlearner             D  connectionState=ERROR, deviceState=UNKNOWN, canStart=false, canTare=false
2026-06-30 18:26:08.298 22723-22723 BluetoothAdapter        com.codewithfk.arlearner             D  getBleEnabledArray(): ON
2026-06-30 18:26:08.299 22723-22723 MeasurementViewModel    com.codewithfk.arlearner             D  connectionState=SCANNING, deviceState=UNKNOWN, canStart=false, canTare=false
2026-06-30 18:26:08.299 22723-22723 MeasurementViewModel    com.codewithfk.arlearner             D  connectionState=SCANNING, deviceState=UNKNOWN, canStart=false, canTare=false
2026-06-30 18:26:08.300 22723-22723 BluetoothAdapter        com.codewithfk.arlearner             D  getBleEnabledArray(): ON
2026-06-30 18:26:08.301 22723-22723 BluetoothAdapter        com.codewithfk.arlearner             D  semIsBleEnabled(): ON
2026-06-30 18:26:08.301 22723-22723 BluetoothAdapter        com.codewithfk.arlearner             D  getBleEnabledArray(): ON
2026-06-30 18:26:08.301 22723-22723 BluetoothLeScanner      com.codewithfk.arlearner             D  Start Scan with callback
2026-06-30 18:26:08.304 22723-22736 BluetoothLeScanner      com.codewithfk.arlearner             D  onScannerRegistered() - status=0 scannerId=5 mScannerId=0
2026-06-30 18:26:08.310  4435-4712  BtGatt.GattService      com.android.bluetooth                E  [GSIM LOG]: gsimLogHandler, msg: MESSAGE_SCAN_START, appName: com.codewithfk.arlearner, scannerId: 5, reportDelayMillis=0
2026-06-30 18:26:08.392 22723-22723 BleMeasurement          com.codewithfk.arlearner             D  Scan result: name=null, address=48:AD:DC:73:DA:6F, rssi=-88, services=none
2026-06-30 18:26:08.399 22723-22723 BleMeasurement          com.codewithfk.arlearner             D  Scan result: name=null, address=1F:A2:8E:0E:5B:48, rssi=-57, services=none
2026-06-30 18:26:08.409 22723-22723 BleMeasurement          com.codewithfk.arlearner             D  Scan result: name=null, address=50:9D:4A:2D:B0:A9, rssi=-45, services=none
2026-06-30 18:26:08.415 22723-22723 BleMeasurement          com.codewithfk.arlearner             D  Scan result: name=ChildMeasure-ESP32, address=A0:F2:62:F5:61:7D, rssi=-58, services=7a100000-0000-4c61-8f11-000000000003
2026-06-30 18:26:08.417 22723-22723 BluetoothAdapter        com.codewithfk.arlearner             D  getBleEnabledArray(): ON
2026-06-30 18:26:08.417 22723-22723 BluetoothAdapter        com.codewithfk.arlearner             D  getBleEnabledArray(): ON
2026-06-30 18:26:08.417 22723-22723 BluetoothLeScanner      com.codewithfk.arlearner             D  Stop Scan with callback
2026-06-30 18:26:08.424  4435-4712  BtGatt.GattService      com.android.bluetooth                E  [GSIM LOG]: gsimLogHandler, msg: MESSAGE_SCAN_STOP, appName: com.codewithfk.arlearner, scannerId: 5, reportDelayMillis=0
2026-06-30 18:26:08.425 22723-22723 MeasurementViewModel    com.codewithfk.arlearner             D  connectionState=CONNECTING, deviceState=UNKNOWN, canStart=false, canTare=false
2026-06-30 18:26:08.425 22723-22723 MeasurementViewModel    com.codewithfk.arlearner             D  connectionState=CONNECTING, deviceState=UNKNOWN, canStart=false, canTare=false
2026-06-30 18:26:08.425 22723-22723 BluetoothAdapter        com.codewithfk.arlearner             D  getBleEnabledArray(): ON
2026-06-30 18:26:08.427 22723-22723 BluetoothGatt           com.codewithfk.arlearner             D  connect() - device: XX:XX:XX:XX:61:7D, auto: false
2026-06-30 18:26:08.427 22723-22723 BluetoothGatt           com.codewithfk.arlearner             D  registerApp()
2026-06-30 18:26:08.427 22723-22723 BluetoothGatt           com.codewithfk.arlearner             D  registerApp() - UUID=3422c701-d73c-4480-ab00-cba0f976c44f
2026-06-30 18:26:08.431 22723-22736 BluetoothGatt           com.codewithfk.arlearner             D  onClientRegistered() - status=0 clientIf=5
2026-06-30 18:26:08.432 22723-22736 BluetoothAdapter        com.codewithfk.arlearner             D  getBleEnabledArray(): ON
2026-06-30 18:26:08.434 22723-22723 BleMeasurement          com.codewithfk.arlearner             D  Scan result: name=Quest 3, address=60:F8:3F:BA:D3:39, rssi=-69, services=0000feb8-0000-1000-8000-00805f9b34fb
2026-06-30 18:26:08.490 22723-22723 ViewRootIm...nActivity] com.codewithfk.arlearner             I  ViewPostIme pointer 0
2026-06-30 18:26:08.544 22723-22723 ViewRootIm...nActivity] com.codewithfk.arlearner             I  ViewPostIme pointer 1
2026-06-30 18:26:08.722 22723-22736 BluetoothGatt           com.codewithfk.arlearner             D  onClientConnectionState() - status=0 clientIf=5 device=XX:XX:XX:XX:61:7D
2026-06-30 18:26:08.726 22723-22736 ContentValues           com.codewithfk.arlearner             D  onConnectionStateChange status=0 newState=2 bondState=12
2026-06-30 18:26:08.727 22723-22723 MeasurementViewModel    com.codewithfk.arlearner             D  connectionState=CONNECTING, deviceState=UNKNOWN, canStart=false, canTare=false
2026-06-30 18:26:09.026 22723-22723 BleMeasurement          com.codewithfk.arlearner             I  Starting security flow: bondState=12
2026-06-30 18:26:09.027 22723-22723 BleMeasurement          com.codewithfk.arlearner             I  Bond completed; starting GATT negotiation
2026-06-30 18:26:09.027 22723-22723 MeasurementViewModel    com.codewithfk.arlearner             D  connectionState=BONDED, deviceState=UNKNOWN, canStart=false, canTare=false
2026-06-30 18:26:09.028 22723-22723 MeasurementViewModel    com.codewithfk.arlearner             D  connectionState=BONDED, deviceState=UNKNOWN, canStart=false, canTare=false
2026-06-30 18:26:09.426 22723-22736 BluetoothGatt           com.codewithfk.arlearner             D  onConnectionUpdated() - Device=XX:XX:XX:XX:61:7D interval=6 latency=0 timeout=500 status=0
2026-06-30 18:26:09.507 22723-22736 BluetoothGatt           com.codewithfk.arlearner             D  onClientConnectionState() - status=22 clientIf=5 device=XX:XX:XX:XX:61:7D
2026-06-30 18:26:09.510 22723-22736 ContentValues           com.codewithfk.arlearner             D  onConnectionStateChange status=22 newState=0 bondState=12
2026-06-30 18:26:09.511 22723-22736 BluetoothGatt           com.codewithfk.arlearner             D  cancelOpen() - device: XX:XX:XX:XX:61:7D
2026-06-30 18:26:09.514 22723-22736 BluetoothGatt           com.codewithfk.arlearner             D  close()
2026-06-30 18:26:09.519 22723-22736 BluetoothGatt           com.codewithfk.arlearner             D  unregisterApp() - mClientIf=5
2026-06-30 18:26:09.523 22723-22723 MeasurementViewModel    com.codewithfk.arlearner             D  connectionState=BONDED, deviceState=UNKNOWN, canStart=false, canTare=false
2026-06-30 18:26:09.524 22723-22723 MeasurementViewModel    com.codewithfk.arlearner             D  connectionState=ERROR, deviceState=UNKNOWN, canStart=false, canTare=false
2026-06-30 18:26:09.524 22723-22723 MeasurementViewModel    com.codewithfk.arlearner             D  connectionState=ERROR, deviceState=UNKNOWN, canStart=false, canTare=false
2026-06-30 18:26:10.408 22723-22723 ViewRootIm...nActivity] com.codewithfk.arlearner             I  ViewPostIme pointer 0
2026-06-30 18:26:10.677 22723-22723 ViewRootIm...nActivity] com.codewithfk.arlearner             I  ViewPostIme pointer 1
2026-06-30 18:26:10.681 22723-22723 MeasurementViewModel    com.codewithfk.arlearner             D  connectionState=ERROR, deviceState=UNKNOWN, canStart=false, canTare=false
2026-06-30 18:26:10.681 22723-22723 BluetoothAdapter        com.codewithfk.arlearner             D  getBleEnabledArray(): ON
2026-06-30 18:26:10.682 22723-22723 MeasurementViewModel    com.codewithfk.arlearner             D  connectionState=SCANNING, deviceState=UNKNOWN, canStart=false, canTare=false
2026-06-30 18:26:10.683 22723-22723 MeasurementViewModel    com.codewithfk.arlearner             D  connectionState=SCANNING, deviceState=UNKNOWN, canStart=false, canTare=false
2026-06-30 18:26:10.683 22723-22723 BluetoothAdapter        com.codewithfk.arlearner             D  getBleEnabledArray(): ON
2026-06-30 18:26:10.684 22723-22723 BluetoothAdapter        com.codewithfk.arlearner             D  semIsBleEnabled(): ON
2026-06-30 18:26:10.684 22723-22723 BluetoothAdapter        com.codewithfk.arlearner             D  getBleEnabledArray(): ON
2026-06-30 18:26:10.684 22723-22723 BluetoothLeScanner      com.codewithfk.arlearner             D  Start Scan with callback
2026-06-30 18:26:10.687 22723-22736 BluetoothLeScanner      com.codewithfk.arlearner             D  onScannerRegistered() - status=0 scannerId=5 mScannerId=0
2026-06-30 18:26:10.692  4435-4712  BtGatt.GattService      com.android.bluetooth                E  [GSIM LOG]: gsimLogHandler, msg: MESSAGE_SCAN_START, appName: com.codewithfk.arlearner, scannerId: 5, reportDelayMillis=0
2026-06-30 18:26:10.790 22723-22723 BleMeasurement          com.codewithfk.arlearner             D  Scan result: name=null, address=0E:2F:2D:5F:12:43, rssi=-79, services=none
2026-06-30 18:26:10.794 22723-22723 BleMeasurement          com.codewithfk.arlearner             D  Scan result: name=ChildMeasure-ESP32, address=A0:F2:62:F5:61:7D, rssi=-56, services=7a100000-0000-4c61-8f11-000000000003
2026-06-30 18:26:10.797 22723-22723 BluetoothAdapter        com.codewithfk.arlearner             D  getBleEnabledArray(): ON
2026-06-30 18:26:10.797 22723-22723 BluetoothAdapter        com.codewithfk.arlearner             D  getBleEnabledArray(): ON
2026-06-30 18:26:10.797 22723-22723 BluetoothLeScanner      com.codewithfk.arlearner             D  Stop Scan with callback
2026-06-30 18:26:10.802 22723-22723 MeasurementViewModel    com.codewithfk.arlearner             D  connectionState=CONNECTING, deviceState=UNKNOWN, canStart=false, canTare=false
2026-06-30 18:26:10.803 22723-22723 MeasurementViewModel    com.codewithfk.arlearner             D  connectionState=CONNECTING, deviceState=UNKNOWN, canStart=false, canTare=false
2026-06-30 18:26:10.803 22723-22723 BluetoothAdapter        com.codewithfk.arlearner             D  getBleEnabledArray(): ON
2026-06-30 18:26:10.803  4435-4712  BtGatt.GattService      com.android.bluetooth                E  [GSIM LOG]: gsimLogHandler, msg: MESSAGE_SCAN_STOP, appName: com.codewithfk.arlearner, scannerId: 5, reportDelayMillis=0
2026-06-30 18:26:10.804 22723-22723 BluetoothGatt           com.codewithfk.arlearner             D  connect() - device: XX:XX:XX:XX:61:7D, auto: false
2026-06-30 18:26:10.804 22723-22723 BluetoothGatt           com.codewithfk.arlearner             D  registerApp()
2026-06-30 18:26:10.805 22723-22723 BluetoothGatt           com.codewithfk.arlearner             D  registerApp() - UUID=d3a10fb1-f0e7-4287-a276-3ed1fe3ab22c
2026-06-30 18:26:10.808 22723-22736 BluetoothGatt           com.codewithfk.arlearner             D  onClientRegistered() - status=0 clientIf=5
2026-06-30 18:26:10.811 22723-22736 BluetoothAdapter        com.codewithfk.arlearner             D  getBleEnabledArray(): ON
2026-06-30 18:26:11.062 22723-22736 BluetoothGatt           com.codewithfk.arlearner             D  onClientConnectionState() - status=0 clientIf=5 device=XX:XX:XX:XX:61:7D
2026-06-30 18:26:11.078 22723-22736 ContentValues           com.codewithfk.arlearner             D  onConnectionStateChange status=0 newState=2 bondState=10
2026-06-30 18:26:11.078 22723-22723 MeasurementViewModel    com.codewithfk.arlearner             D  connectionState=CONNECTING, deviceState=UNKNOWN, canStart=false, canTare=false
2026-06-30 18:26:11.290 22723-22723 ViewRootIm...nActivity] com.codewithfk.arlearner             I  handleWindowFocusChanged: 0 0 call from android.view.ViewRootImpl.-$$Nest$mhandleWindowFocusChanged:0
2026-06-30 18:26:11.290 22723-22723 ImeFocusController      com.codewithfk.arlearner             I  onPreWindowFocus: skipped, hasWindowFocus=false mHasImeFocus=true
2026-06-30 18:26:11.290 22723-22723 ImeFocusController      com.codewithfk.arlearner             I  onPostWindowFocus: skipped, hasWindowFocus=false mHasImeFocus=true
2026-06-30 18:26:11.380 22723-22723 BleMeasurement          com.codewithfk.arlearner             I  Starting security flow: bondState=11
2026-06-30 18:26:11.381 22723-22723 MeasurementViewModel    com.codewithfk.arlearner             D  connectionState=PAIRING, deviceState=UNKNOWN, canStart=false, canTare=false
2026-06-30 18:26:11.381 22723-22723 MeasurementViewModel    com.codewithfk.arlearner             D  connectionState=PAIRING, deviceState=UNKNOWN, canStart=false, canTare=false
2026-06-30 18:26:11.382 22723-22723 BleMeasurement          com.codewithfk.arlearner             D  Polling bond state: 11
2026-06-30 18:26:11.763 22723-23579 BluetoothGatt           com.codewithfk.arlearner             D  onConnectionUpdated() - Device=XX:XX:XX:XX:61:7D interval=6 latency=0 timeout=500 status=0
2026-06-30 18:26:11.883 22723-22723 BleMeasurement          com.codewithfk.arlearner             D  Polling bond state: 11
2026-06-30 18:26:12.121 22723-23579 BluetoothGatt           com.codewithfk.arlearner             D  onConnectionUpdated() - Device=XX:XX:XX:XX:61:7D interval=36 latency=0 timeout=500 status=0
2026-06-30 18:26:12.384 22723-22723 BleMeasurement          com.codewithfk.arlearner             D  Polling bond state: 11
2026-06-30 18:26:12.885 22723-22723 BleMeasurement          com.codewithfk.arlearner             D  Polling bond state: 11
2026-06-30 18:26:13.386 22723-22723 BleMeasurement          com.codewithfk.arlearner             D  Polling bond state: 11
2026-06-30 18:26:13.886 22723-22723 BleMeasurement          com.codewithfk.arlearner             D  Polling bond state: 11
2026-06-30 18:26:13.887 22723-22723 ViewRootIm...nActivity] com.codewithfk.arlearner             I  handleWindowFocusChanged: 1 0 call from android.view.ViewRootImpl.-$$Nest$mhandleWindowFocusChanged:0
2026-06-30 18:26:13.887 22723-22723 ViewRootIm...nActivity] com.codewithfk.arlearner             D  mThreadedRenderer.initializeIfNeeded()#2 mSurface={isValid=true 0xb400007cc26f1000}
2026-06-30 18:26:13.888 22723-22723 InputMethodManager      com.codewithfk.arlearner             I  startInputAsyncOnWindowFocusGain - IInputMethodManagerGlobalInvoker.startInputOrWindowGainedFocus
2026-06-30 18:26:14.101 22723-22723 ViewRootIm...nActivity] com.codewithfk.arlearner             I  handleWindowFocusChanged: 0 0 call from android.view.ViewRootImpl.-$$Nest$mhandleWindowFocusChanged:0
2026-06-30 18:26:14.102 22723-22723 ImeFocusController      com.codewithfk.arlearner             I  onPreWindowFocus: skipped, hasWindowFocus=false mHasImeFocus=true
2026-06-30 18:26:14.102 22723-22723 ImeFocusController      com.codewithfk.arlearner             I  onPostWindowFocus: skipped, hasWindowFocus=false mHasImeFocus=true
2026-06-30 18:26:14.308 22723-22723 InputTransport          com.codewithfk.arlearner             D  Input channel destroyed: 'ClientS', fd=144
2026-06-30 18:26:14.385 22723-23579 ViewRootIm...nActivity] com.codewithfk.arlearner             I  Resizing android.view.ViewRootImpl@ec60689: frame = [0,0][1920,1200] reportDraw = false forceLayout = false syncSeqId = -1
2026-06-30 18:26:14.386 22723-22723 BleMeasurement          com.codewithfk.arlearner             D  Polling bond state: 11
2026-06-30 18:26:14.387 22723-22723 InsetsController        com.codewithfk.arlearner             I  onStateChanged: host=com.codewithfk.arlearner/com.codewithfk.arlearner.MainActivity, from=android.view.ViewRootImpl$ViewRootHandler.handleMessageImpl:7196, state=InsetsState: {mDisplayFrame=Rect(0, 0 - 1920, 1200), mDisplayCutout=DisplayCutout{insets=Rect(0, 0 - 0, 0) waterfall=Insets{left=0, top=0, right=0, bottom=0} boundingRect={Bounds=[Rect(0, 0 - 0, 0), Rect(0, 0 - 0, 0), Rect(0, 0 - 0, 0), Rect(0, 0 - 0, 0)]} cutoutPathParserInfo={CutoutPathParserInfo{displayWidth=0 displayHeight=0 physicalDisplayWidth=0 physicalDisplayHeight=0 density={0.0} cutoutSpec={} rotation={0} scale={0.0} physicalPixelDisplaySizeRatio={0.0}}}}, mRoundedCorners=RoundedCorners{[RoundedCorner{position=TopLeft, radius=20, center=Point(20, 20)}, RoundedCorner{position=TopRight, radius=20, center=Point(1900, 20)}, RoundedCorner{position=BottomRight, radius=20, center=Point(1900, 1180)}, RoundedCorner{position=BottomLeft, radius=20, center=Point(20, 1180)}]}  mRoundedCornerFrame=Rect(0, 0 - 1920, 1200), mPrivacyIndicatorBounds=PrivacyIndicatorBounds {static bounds=Rect(1854, 0 - 1920, 36) rotation=1}, mDisplayShape=DisplayShape{ spec=-311912193 displayWidth=1200 displayHeight=1920 physicalPixelDisplaySizeRatio=1.0 rotation=1 offsetX=0 offsetY=0 scale=1.0}, mSources= { InsetsSource: {9b780000 mType=statusBars mFrame=[0,0][1920,36] mVisible=false mFlags=[]}, InsetsSource: {9b780005 mType=mandatorySystemGestures mFrame=[0,0][1920,36] mVisible=true mFlags=[]}, InsetsSource: {9b780006 mType=tappableElement mFrame=[0,0][1920,36] mVisible=true mFlags=[]}, InsetsSource: {3 mType=ime mFrame=[0,639][1920,1200] mVisible=false mFlags=[]}, InsetsSource: {fac0001 mType=navigationBars mFrame=[0,1128][1920,1200] mVisible=false mFlags=[]}, InsetsSource: {fac0004 mType=systemGestures mFrame=[0,0][0,0] mVisible=true mFlags=[]}, InsetsSource: {fac0005 mType=mandatorySystemGestures mFrame=[0,1128][1920,1200] mVisible=true mFlags=[]}, InsetsSource: {fac0006 mType=tappableElement mFrame=[0,1128][1920,1200] mVisible=true mFlags=[]}, InsetsSource: {fac0024 mType=systemGestures mFrame=[0,0][0,0] mVisible=true mFlags=[]} }
2026-06-30 18:26:14.387 22723-22723 ViewRootIm...nActivity] com.codewithfk.arlearner             I  handleResized, msg = 4 frames=ClientWindowFrames{frame=[0,0][1920,1200] display=[0,0][1920,1200] parentFrame=[0,0][0,0]} forceNextWindowRelayout=false displayId=0 dragResizing=false compatScale=1.0 frameChanged=false attachedFrameChanged=false configChanged=false displayChanged=false compatScaleChanged=false
2026-06-30 18:26:14.422 22723-22723 InsetsController        com.codewithfk.arlearner             I  onStateChanged: host=com.codewithfk.arlearner/com.codewithfk.arlearner.MainActivity, from=android.view.ViewRootImpl$ViewRootHandler.handleMessageImpl:7209, state=InsetsState: {mDisplayFrame=Rect(0, 0 - 1920, 1200), mDisplayCutout=DisplayCutout{insets=Rect(0, 0 - 0, 0) waterfall=Insets{left=0, top=0, right=0, bottom=0} boundingRect={Bounds=[Rect(0, 0 - 0, 0), Rect(0, 0 - 0, 0), Rect(0, 0 - 0, 0), Rect(0, 0 - 0, 0)]} cutoutPathParserInfo={CutoutPathParserInfo{displayWidth=0 displayHeight=0 physicalDisplayWidth=0 physicalDisplayHeight=0 density={0.0} cutoutSpec={} rotation={0} scale={0.0} physicalPixelDisplaySizeRatio={0.0}}}}, mRoundedCorners=RoundedCorners{[RoundedCorner{position=TopLeft, radius=20, center=Point(20, 20)}, RoundedCorner{position=TopRight, radius=20, center=Point(1900, 20)}, RoundedCorner{position=BottomRight, radius=20, center=Point(1900, 1180)}, RoundedCorner{position=BottomLeft, radius=20, center=Point(20, 1180)}]}  mRoundedCornerFrame=Rect(0, 0 - 1920, 1200), mPrivacyIndicatorBounds=PrivacyIndicatorBounds {static bounds=Rect(1854, 0 - 1920, 36) rotation=1}, mDisplayShape=DisplayShape{ spec=-311912193 displayWidth=1200 displayHeight=1920 physicalPixelDisplaySizeRatio=1.0 rotation=1 offsetX=0 offsetY=0 scale=1.0}, mSources= { InsetsSource: {9b780000 mType=statusBars mFrame=[0,0][1920,36] mVisible=false mFlags=[]}, InsetsSource: {9b780005 mType=mandatorySystemGestures mFrame=[0,0][1920,36] mVisible=true mFlags=[]}, InsetsSource: {9b780006 mType=tappableElement mFrame=[0,0][1920,36] mVisible=true mFlags=[]}, InsetsSource: {3 mType=ime mFrame=[0,639][1920,1200] mVisible=true mFlags=[]}, InsetsSource: {fac0001 mType=navigationBars mFrame=[0,1128][1920,1200] mVisible=true mFlags=[]}, InsetsSource: {fac0004 mType=systemGestures mFrame=[0,0][0,0] mVisible=true mFlags=[]}, InsetsSource: {fac0005 mType=mandatorySystemGestures mFrame=[0,1128][1920,1200] mVisible=true mFlags=[]}, InsetsSource: {fac0006 mType=tappableElement mFrame=[0,1128][1920,1200] mVisible=true mFlags=[]}, InsetsSource: {fac0024 mType=systemGestures mFrame=[0,0][0,0] mVisible=true mFlags=[]} }
2026-06-30 18:26:14.423 22723-23579 ViewRootIm...nActivity] com.codewithfk.arlearner             I  Resizing android.view.ViewRootImpl@ec60689: frame = [0,0][1920,1200] reportDraw = false forceLayout = false syncSeqId = -1
2026-06-30 18:26:14.436 22723-22723 ViewRootIm...nActivity] com.codewithfk.arlearner             I  handleResized, msg = 4 frames=ClientWindowFrames{frame=[0,0][1920,1200] display=[0,0][1920,1200] parentFrame=[0,0][0,0]} forceNextWindowRelayout=false displayId=0 dragResizing=false compatScale=1.0 frameChanged=false attachedFrameChanged=false configChanged=false displayChanged=false compatScaleChanged=false
2026-06-30 18:26:14.901 22723-22723 BleMeasurement          com.codewithfk.arlearner             D  Polling bond state: 11
2026-06-30 18:26:15.401 22723-22723 BleMeasurement          com.codewithfk.arlearner             D  Polling bond state: 11
2026-06-30 18:26:15.902 22723-22723 BleMeasurement          com.codewithfk.arlearner             D  Polling bond state: 11
2026-06-30 18:26:16.403 22723-22723 BleMeasurement          com.codewithfk.arlearner             D  Polling bond state: 11
2026-06-30 18:26:16.904 22723-22723 BleMeasurement          com.codewithfk.arlearner             D  Polling bond state: 11
2026-06-30 18:26:17.405 22723-22723 BleMeasurement          com.codewithfk.arlearner             D  Polling bond state: 11
2026-06-30 18:26:17.906 22723-22723 BleMeasurement          com.codewithfk.arlearner             D  Polling bond state: 11
2026-06-30 18:26:18.408 22723-22723 BleMeasurement          com.codewithfk.arlearner             D  Polling bond state: 11
2026-06-30 18:26:18.909 22723-22723 BleMeasurement          com.codewithfk.arlearner             D  Polling bond state: 11
2026-06-30 18:26:19.410 22723-22723 BleMeasurement          com.codewithfk.arlearner             D  Polling bond state: 11
2026-06-30 18:26:19.911 22723-22723 BleMeasurement          com.codewithfk.arlearner             D  Polling bond state: 11
2026-06-30 18:26:20.413 22723-22723 BleMeasurement          com.codewithfk.arlearner             D  Polling bond state: 11
2026-06-30 18:26:20.914 22723-22723 BleMeasurement          com.codewithfk.arlearner             D  Polling bond state: 11
2026-06-30 18:26:21.415 22723-22723 BleMeasurement          com.codewithfk.arlearner             D  Polling bond state: 11
2026-06-30 18:26:21.917 22723-22723 BleMeasurement          com.codewithfk.arlearner             D  Polling bond state: 11
2026-06-30 18:26:22.418 22723-22723 BleMeasurement          com.codewithfk.arlearner             D  Polling bond state: 11
2026-06-30 18:26:22.919 22723-22723 BleMeasurement          com.codewithfk.arlearner             D  Polling bond state: 11
2026-06-30 18:26:23.421 22723-22723 BleMeasurement          com.codewithfk.arlearner             D  Polling bond state: 11
2026-06-30 18:26:23.922 22723-22723 BleMeasurement          com.codewithfk.arlearner             D  Polling bond state: 11
2026-06-30 18:26:24.423 22723-22723 BleMeasurement          com.codewithfk.arlearner             D  Polling bond state: 11
2026-06-30 18:26:24.925 22723-22723 BleMeasurement          com.codewithfk.arlearner             D  Polling bond state: 11
2026-06-30 18:26:25.426 22723-22723 BleMeasurement          com.codewithfk.arlearner             D  Polling bond state: 11
2026-06-30 18:26:25.926 22723-22723 BleMeasurement          com.codewithfk.arlearner             D  Polling bond state: 11
2026-06-30 18:26:25.955 22723-23579 ViewRootIm...nActivity] com.codewithfk.arlearner             I  Resizing android.view.ViewRootImpl@ec60689: frame = [0,0][1920,1200] reportDraw = false forceLayout = false syncSeqId = -1
2026-06-30 18:26:25.956 22723-22723 InsetsController        com.codewithfk.arlearner             I  onStateChanged: host=com.codewithfk.arlearner/com.codewithfk.arlearner.MainActivity, from=android.view.ViewRootImpl$ViewRootHandler.handleMessageImpl:7209, state=InsetsState: {mDisplayFrame=Rect(0, 0 - 1920, 1200), mDisplayCutout=DisplayCutout{insets=Rect(0, 0 - 0, 0) waterfall=Insets{left=0, top=0, right=0, bottom=0} boundingRect={Bounds=[Rect(0, 0 - 0, 0), Rect(0, 0 - 0, 0), Rect(0, 0 - 0, 0), Rect(0, 0 - 0, 0)]} cutoutPathParserInfo={CutoutPathParserInfo{displayWidth=0 displayHeight=0 physicalDisplayWidth=0 physicalDisplayHeight=0 density={0.0} cutoutSpec={} rotation={0} scale={0.0} physicalPixelDisplaySizeRatio={0.0}}}}, mRoundedCorners=RoundedCorners{[RoundedCorner{position=TopLeft, radius=20, center=Point(20, 20)}, RoundedCorner{position=TopRight, radius=20, center=Point(1900, 20)}, RoundedCorner{position=BottomRight, radius=20, center=Point(1900, 1180)}, RoundedCorner{position=BottomLeft, radius=20, center=Point(20, 1180)}]}  mRoundedCornerFrame=Rect(0, 0 - 1920, 1200), mPrivacyIndicatorBounds=PrivacyIndicatorBounds {static bounds=Rect(1854, 0 - 1920, 36) rotation=1}, mDisplayShape=DisplayShape{ spec=-311912193 displayWidth=1200 displayHeight=1920 physicalPixelDisplaySizeRatio=1.0 rotation=1 offsetX=0 offsetY=0 scale=1.0}, mSources= { InsetsSource: {9b780000 mType=statusBars mFrame=[0,0][1920,36] mVisible=false mFlags=[]}, InsetsSource: {9b780005 mType=mandatorySystemGestures mFrame=[0,0][1920,36] mVisible=true mFlags=[]}, InsetsSource: {9b780006 mType=tappableElement mFrame=[0,0][1920,36] mVisible=true mFlags=[]}, InsetsSource: {3 mType=ime mFrame=[0,639][1920,1200] mVisible=false mFlags=[]}, InsetsSource: {fac0001 mType=navigationBars mFrame=[0,1128][1920,1200] mVisible=true mFlags=[]}, InsetsSource: {fac0004 mType=systemGestures mFrame=[0,0][0,0] mVisible=true mFlags=[]}, InsetsSource: {fac0005 mType=mandatorySystemGestures mFrame=[0,1128][1920,1200] mVisible=true mFlags=[]}, InsetsSource: {fac0006 mType=tappableElement mFrame=[0,1128][1920,1200] mVisible=true mFlags=[]}, InsetsSource: {fac0024 mType=systemGestures mFrame=[0,0][0,0] mVisible=true mFlags=[]} }
2026-06-30 18:26:25.957 22723-22723 InsetsController        com.codewithfk.arlearner             I  controlAnimationUncheckedInner: Added types=navigationBars, animType=1, host=com.codewithfk.arlearner/com.codewithfk.arlearner.MainActivity, from=android.view.InsetsController.controlAnimationUnchecked:1449 android.view.InsetsController.applyAnimation:2005 android.view.InsetsController.applyAnimation:1968 
2026-06-30 18:26:25.961 22723-23579 ViewRootIm...nActivity] com.codewithfk.arlearner             I  Resizing android.view.ViewRootImpl@ec60689: frame = [0,0][1920,1200] reportDraw = false forceLayout = false syncSeqId = -1
2026-06-30 18:26:25.975 22723-22764 ViewRootIm...nActivity] com.codewithfk.arlearner             I  mWNT: t=0xb400007d15d17680 mBlastBufferQueue=0xb400007d15c20600 fn= 4237 mRenderHdrSdrRatio=1.0 caller= android.view.SyncRtSurfaceTransactionApplier.applyTransaction:96 android.view.SyncRtSurfaceTransactionApplier.lambda$scheduleApply$0:69 android.view.SyncRtSurfaceTransactionApplier.$r8$lambda$SgowXC58rj3PR958kHUfRgLZmvE:0 
2026-06-30 18:26:25.975 22723-22723 InsetsController        com.codewithfk.arlearner             I  onStateChanged: host=com.codewithfk.arlearner/com.codewithfk.arlearner.MainActivity, from=android.view.ViewRootImpl$ViewRootHandler.handleMessageImpl:7196, state=InsetsState: {mDisplayFrame=Rect(0, 0 - 1920, 1200), mDisplayCutout=DisplayCutout{insets=Rect(0, 0 - 0, 0) waterfall=Insets{left=0, top=0, right=0, bottom=0} boundingRect={Bounds=[Rect(0, 0 - 0, 0), Rect(0, 0 - 0, 0), Rect(0, 0 - 0, 0), Rect(0, 0 - 0, 0)]} cutoutPathParserInfo={CutoutPathParserInfo{displayWidth=0 displayHeight=0 physicalDisplayWidth=0 physicalDisplayHeight=0 density={0.0} cutoutSpec={} rotation={0} scale={0.0} physicalPixelDisplaySizeRatio={0.0}}}}, mRoundedCorners=RoundedCorners{[RoundedCorner{position=TopLeft, radius=20, center=Point(20, 20)}, RoundedCorner{position=TopRight, radius=20, center=Point(1900, 20)}, RoundedCorner{position=BottomRight, radius=20, center=Point(1900, 1180)}, RoundedCorner{position=BottomLeft, radius=20, center=Point(20, 1180)}]}  mRoundedCornerFrame=Rect(0, 0 - 1920, 1200), mPrivacyIndicatorBounds=PrivacyIndicatorBounds {static bounds=Rect(1854, 0 - 1920, 36) rotation=1}, mDisplayShape=DisplayShape{ spec=-311912193 displayWidth=1200 displayHeight=1920 physicalPixelDisplaySizeRatio=1.0 rotation=1 offsetX=0 offsetY=0 scale=1.0}, mSources= { InsetsSource: {9b780000 mType=statusBars mFrame=[0,0][1920,36] mVisible=false mFlags=[]}, InsetsSource: {9b780005 mType=mandatorySystemGestures mFrame=[0,0][1920,36] mVisible=true mFlags=[]}, InsetsSource: {9b780006 mType=tappableElement mFrame=[0,0][1920,36] mVisible=true mFlags=[]}, InsetsSource: {3 mType=ime mFrame=[0,639][1920,1200] mVisible=false mFlags=[]}, InsetsSource: {fac0001 mType=navigationBars mFrame=[0,1128][1920,1200] mVisible=false mFlags=[]}, InsetsSource: {fac0004 mType=systemGestures mFrame=[0,0][0,0] mVisible=true mFlags=[]}, InsetsSource: {fac0005 mType=mandatorySystemGestures mFrame=[0,1128][1920,1200] mVisible=true mFlags=[]}, InsetsSource: {fac0006 mType=tappableElement mFrame=[0,1128][1920,1200] mVisible=true mFlags=[]}, InsetsSource: {fac0024 mType=systemGestures mFrame=[0,0][0,0] mVisible=true mFlags=[]} }
2026-06-30 18:26:25.975 22723-22723 ViewRootIm...nActivity] com.codewithfk.arlearner             I  handleResized, msg = 4 frames=ClientWindowFrames{frame=[0,0][1920,1200] display=[0,0][1920,1200] parentFrame=[0,0][0,0]} forceNextWindowRelayout=false displayId=0 dragResizing=false compatScale=1.0 frameChanged=false attachedFrameChanged=false configChanged=false displayChanged=false compatScaleChanged=false
2026-06-30 18:26:25.976 22723-22723 ViewRootIm...nActivity] com.codewithfk.arlearner             I  handleResized, msg = 4 frames=ClientWindowFrames{frame=[0,0][1920,1200] display=[0,0][1920,1200] parentFrame=[0,0][0,0]} forceNextWindowRelayout=false displayId=0 dragResizing=false compatScale=1.0 frameChanged=false attachedFrameChanged=false configChanged=false displayChanged=false compatScaleChanged=false
2026-06-30 18:26:25.986 22723-22763 ViewRootIm...nActivity] com.codewithfk.arlearner             I  mWNT: t=0xb400007d15d17800 mBlastBufferQueue=0xb400007d15c20600 fn= 4238 mRenderHdrSdrRatio=1.0 caller= android.view.SyncRtSurfaceTransactionApplier.applyTransaction:96 android.view.SyncRtSurfaceTransactionApplier.lambda$scheduleApply$0:69 android.view.SyncRtSurfaceTransactionApplier.$r8$lambda$SgowXC58rj3PR958kHUfRgLZmvE:0 
2026-06-30 18:26:26.003 22723-22764 ViewRootIm...nActivity] com.codewithfk.arlearner             I  mWNT: t=0xb400007d15c53280 mBlastBufferQueue=0xb400007d15c20600 fn= 4239 mRenderHdrSdrRatio=1.0 caller= android.view.SyncRtSurfaceTransactionApplier.applyTransaction:96 android.view.SyncRtSurfaceTransactionApplier.lambda$scheduleApply$0:69 android.view.SyncRtSurfaceTransactionApplier.$r8$lambda$SgowXC58rj3PR958kHUfRgLZmvE:0 
2026-06-30 18:26:26.035 22723-22763 ViewRootIm...nActivity] com.codewithfk.arlearner             I  mWNT: t=0xb400007d15c94480 mBlastBufferQueue=0xb400007d15c20600 fn= 4240 mRenderHdrSdrRatio=1.0 caller= android.view.SyncRtSurfaceTransactionApplier.applyTransaction:96 android.view.SyncRtSurfaceTransactionApplier.lambda$scheduleApply$0:69 android.view.SyncRtSurfaceTransactionApplier.$r8$lambda$SgowXC58rj3PR958kHUfRgLZmvE:0 
2026-06-30 18:26:26.043 22723-22723 ViewRootIm...nActivity] com.codewithfk.arlearner             I  handleWindowFocusChanged: 1 0 call from android.view.ViewRootImpl.-$$Nest$mhandleWindowFocusChanged:0
2026-06-30 18:26:26.043 22723-22764 ViewRootIm...nActivity] com.codewithfk.arlearner             I  mWNT: t=0xb400007d15c53d00 mBlastBufferQueue=0xb400007d15c20600 fn= 4241 mRenderHdrSdrRatio=1.0 caller= android.view.SyncRtSurfaceTransactionApplier.applyTransaction:96 android.view.SyncRtSurfaceTransactionApplier.lambda$scheduleApply$0:69 android.view.SyncRtSurfaceTransactionApplier.$r8$lambda$SgowXC58rj3PR958kHUfRgLZmvE:0 
2026-06-30 18:26:26.044 22723-22723 ViewRootIm...nActivity] com.codewithfk.arlearner             D  mThreadedRenderer.initializeIfNeeded()#2 mSurface={isValid=true 0xb400007cc26f1000}
2026-06-30 18:26:26.044 22723-22723 InputMethodManagerUtils com.codewithfk.arlearner             D  startInputInner - Id : 0
2026-06-30 18:26:26.044 22723-22723 InputMethodManager      com.codewithfk.arlearner             I  startInputInner - IInputMethodManagerGlobalInvoker.startInputOrWindowGainedFocus
2026-06-30 18:26:26.068 22723-22763 ViewRootIm...nActivity] com.codewithfk.arlearner             I  mWNT: t=0xb400007d15c94f00 mBlastBufferQueue=0xb400007d15c20600 fn= 4242 mRenderHdrSdrRatio=1.0 caller= android.view.SyncRtSurfaceTransactionApplier.applyTransaction:96 android.view.SyncRtSurfaceTransactionApplier.lambda$scheduleApply$0:69 android.view.SyncRtSurfaceTransactionApplier.$r8$lambda$SgowXC58rj3PR958kHUfRgLZmvE:0 
2026-06-30 18:26:26.068 22723-22723 InsetsSourceConsumer    com.codewithfk.arlearner             I  applyRequestedVisibilityToControl: visible=false, type=ime, host=com.codewithfk.arlearner/com.codewithfk.arlearner.MainActivity
2026-06-30 18:26:26.080 22723-22764 ViewRootIm...nActivity] com.codewithfk.arlearner             I  mWNT: t=0xb400007d15c95080 mBlastBufferQueue=0xb400007d15c20600 fn= 4243 mRenderHdrSdrRatio=1.0 caller= android.view.SyncRtSurfaceTransactionApplier.applyTransaction:96 android.view.SyncRtSurfaceTransactionApplier.lambda$scheduleApply$0:69 android.view.SyncRtSurfaceTransactionApplier.$r8$lambda$SgowXC58rj3PR958kHUfRgLZmvE:0 
2026-06-30 18:26:26.092 22723-22763 ViewRootIm...nActivity] com.codewithfk.arlearner             I  mWNT: t=0xb400007d15c94180 mBlastBufferQueue=0xb400007d15c20600 fn= 4244 mRenderHdrSdrRatio=1.0 caller= android.view.SyncRtSurfaceTransactionApplier.applyTransaction:96 android.view.SyncRtSurfaceTransactionApplier.lambda$scheduleApply$0:69 android.view.SyncRtSurfaceTransactionApplier.$r8$lambda$SgowXC58rj3PR958kHUfRgLZmvE:0 
2026-06-30 18:26:26.109 22723-22764 ViewRootIm...nActivity] com.codewithfk.arlearner             I  mWNT: t=0xb400007d15d16780 mBlastBufferQueue=0xb400007d15c20600 fn= 4245 mRenderHdrSdrRatio=1.0 caller= android.view.SyncRtSurfaceTransactionApplier.applyTransaction:96 android.view.SyncRtSurfaceTransactionApplier.lambda$scheduleApply$0:69 android.view.SyncRtSurfaceTransactionApplier.$r8$lambda$SgowXC58rj3PR958kHUfRgLZmvE:0 
2026-06-30 18:26:26.127 22723-22763 ViewRootIm...nActivity] com.codewithfk.arlearner             I  mWNT: t=0xb400007d15c95200 mBlastBufferQueue=0xb400007d15c20600 fn= 4246 mRenderHdrSdrRatio=1.0 caller= android.view.SyncRtSurfaceTransactionApplier.applyTransaction:96 android.view.SyncRtSurfaceTransactionApplier.lambda$scheduleApply$0:69 android.view.SyncRtSurfaceTransactionApplier.$r8$lambda$SgowXC58rj3PR958kHUfRgLZmvE:0 
2026-06-30 18:26:26.156 22723-22764 ViewRootIm...nActivity] com.codewithfk.arlearner             I  mWNT: t=0xb400007d15d17980 mBlastBufferQueue=0xb400007d15c20600 fn= 4247 mRenderHdrSdrRatio=1.0 caller= android.view.SyncRtSurfaceTransactionApplier.applyTransaction:96 android.view.SyncRtSurfaceTransactionApplier.lambda$scheduleApply$0:69 android.view.SyncRtSurfaceTransactionApplier.$r8$lambda$SgowXC58rj3PR958kHUfRgLZmvE:0 
2026-06-30 18:26:26.180 22723-22763 ViewRootIm...nActivity] com.codewithfk.arlearner             I  mWNT: t=0xb400007d15d17b00 mBlastBufferQueue=0xb400007d15c20600 fn= 4248 mRenderHdrSdrRatio=1.0 caller= android.view.SyncRtSurfaceTransactionApplier.applyTransaction:96 android.view.SyncRtSurfaceTransactionApplier.lambda$scheduleApply$0:69 android.view.SyncRtSurfaceTransactionApplier.$r8$lambda$SgowXC58rj3PR958kHUfRgLZmvE:0 
2026-06-30 18:26:26.201 22723-22764 ViewRootIm...nActivity] com.codewithfk.arlearner             I  mWNT: t=0xb400007d15d17e00 mBlastBufferQueue=0xb400007d15c20600 fn= 4249 mRenderHdrSdrRatio=1.0 caller= android.view.SyncRtSurfaceTransactionApplier.applyTransaction:96 android.view.SyncRtSurfaceTransactionApplier.lambda$scheduleApply$0:69 android.view.SyncRtSurfaceTransactionApplier.$r8$lambda$SgowXC58rj3PR958kHUfRgLZmvE:0 
2026-06-30 18:26:26.229 22723-22763 ViewRootIm...nActivity] com.codewithfk.arlearner             I  mWNT: t=0xb400007d15d18280 mBlastBufferQueue=0xb400007d15c20600 fn= 4250 mRenderHdrSdrRatio=1.0 caller= android.view.SyncRtSurfaceTransactionApplier.applyTransaction:96 android.view.SyncRtSurfaceTransactionApplier.lambda$scheduleApply$0:69 android.view.SyncRtSurfaceTransactionApplier.$r8$lambda$SgowXC58rj3PR958kHUfRgLZmvE:0 
2026-06-30 18:26:26.247 22723-22764 ViewRootIm...nActivity] com.codewithfk.arlearner             I  mWNT: t=0xb400007d1ff01300 mBlastBufferQueue=0xb400007d15c20600 fn= 4251 mRenderHdrSdrRatio=1.0 caller= android.view.SyncRtSurfaceTransactionApplier.applyTransaction:96 android.view.SyncRtSurfaceTransactionApplier.lambda$scheduleApply$0:69 android.view.SyncRtSurfaceTransactionApplier.$r8$lambda$SgowXC58rj3PR958kHUfRgLZmvE:0 
2026-06-30 18:26:26.257 22723-22763 ViewRootIm...nActivity] com.codewithfk.arlearner             I  mWNT: t=0xb400007d15c95c80 mBlastBufferQueue=0xb400007d15c20600 fn= 4252 mRenderHdrSdrRatio=1.0 caller= android.view.SyncRtSurfaceTransactionApplier.applyTransaction:96 android.view.SyncRtSurfaceTransactionApplier.lambda$scheduleApply$0:69 android.view.SyncRtSurfaceTransactionApplier.$r8$lambda$SgowXC58rj3PR958kHUfRgLZmvE:0 
2026-06-30 18:26:26.267 22723-22764 ViewRootIm...nActivity] com.codewithfk.arlearner             I  mWNT: t=0xb400007d1ff01780 mBlastBufferQueue=0xb400007d15c20600 fn= 4253 mRenderHdrSdrRatio=1.0 caller= android.view.SyncRtSurfaceTransactionApplier.applyTransaction:96 android.view.SyncRtSurfaceTransactionApplier.lambda$scheduleApply$0:69 android.view.SyncRtSurfaceTransactionApplier.$r8$lambda$SgowXC58rj3PR958kHUfRgLZmvE:0 
2026-06-30 18:26:26.280 22723-22763 ViewRootIm...nActivity] com.codewithfk.arlearner             I  mWNT: t=0xb400007d15c53b80 mBlastBufferQueue=0xb400007d15c20600 fn= 4254 mRenderHdrSdrRatio=1.0 caller= android.view.SyncRtSurfaceTransactionApplier.applyTransaction:96 android.view.SyncRtSurfaceTransactionApplier.lambda$scheduleApply$0:69 android.view.SyncRtSurfaceTransactionApplier.$r8$lambda$SgowXC58rj3PR958kHUfRgLZmvE:0 
2026-06-30 18:26:26.293 22723-22764 ViewRootIm...nActivity] com.codewithfk.arlearner             I  mWNT: t=0xb400007d15c53280 mBlastBufferQueue=0xb400007d15c20600 fn= 4255 mRenderHdrSdrRatio=1.0 caller= android.view.SyncRtSurfaceTransactionApplier.applyTransaction:96 android.view.SyncRtSurfaceTransactionApplier.lambda$scheduleApply$0:69 android.view.SyncRtSurfaceTransactionApplier.$r8$lambda$SgowXC58rj3PR958kHUfRgLZmvE:0 
2026-06-30 18:26:26.314 22723-22763 ViewRootIm...nActivity] com.codewithfk.arlearner             I  mWNT: t=0xb400007d15c53d00 mBlastBufferQueue=0xb400007d15c20600 fn= 4256 mRenderHdrSdrRatio=1.0 caller= android.view.SyncRtSurfaceTransactionApplier.applyTransaction:96 android.view.SyncRtSurfaceTransactionApplier.lambda$scheduleApply$0:69 android.view.SyncRtSurfaceTransactionApplier.$r8$lambda$SgowXC58rj3PR958kHUfRgLZmvE:0 
2026-06-30 18:26:26.323 22723-22764 ViewRootIm...nActivity] com.codewithfk.arlearner             I  mWNT: t=0xb400007d15c94480 mBlastBufferQueue=0xb400007d15c20600 fn= 4257 mRenderHdrSdrRatio=1.0 caller= android.view.SyncRtSurfaceTransactionApplier.applyTransaction:96 android.view.SyncRtSurfaceTransactionApplier.lambda$scheduleApply$0:69 android.view.SyncRtSurfaceTransactionApplier.$r8$lambda$SgowXC58rj3PR958kHUfRgLZmvE:0 
